// Vitest Snapshot v1, https://vitest.dev/guide/snapshot.html

exports[`langSeparator > should match snapshot 1`] = `
[
  {
    "count": 3,
    "name": "Javascript",
  },
  {
    "count": 2,
    "name": "HTML",
  },
  {
    "count": 1,
    "name": "Python",
  },
  {
    "count": 1,
    "name": "Ruby",
  },
  {
    "count": 1,
    "name": "Java",
  },
  {
    "count": 1,
    "name": "C++",
  },
  {
    "count": 1,
    "name": "Typescript",
  },
]
`;
