// Vitest Snapshot v1, https://vitest.dev/guide/snapshot.html

exports[`<HeaderComponent /> > should match the snapshot 1`] = `
<header
  class="flex flex-col bg-header py-4 gap-3 md:flex-row md:justify-between md:px-4"
>
  <div
    class="flex justify-center items-center gap-4"
  >
    <img
      alt="GitHub Logo"
      aria-label="GitHub Logo"
      class="w-12"
      src="/src/assets/images/github-logo.svg"
    />
    <h1
      class="font-serif font-bold text-xl text-gray-300 tracking-wide"
    >
      GitHub Finder
    </h1>
  </div>
  <form
    autocomplete="off"
    class="flex items-stretch gap-3 px-3 py-2 md:flex-1 md:justify-end"
  >
    <input
      aria-label="Search"
      class="flex-1 rounded-3xl px-3 py-2 font-mono font-medium tracking-wider focus-visible:outline-none md:flex-1 md:max-w-[60%]"
      id="search"
      name="search"
      placeholder="Search GitHub users"
      type="text"
    />
    <button
      class="p-2 w-9 h-9 rounded-full bg-primary"
      type="submit"
    >
      <img
        alt="Search image"
        src="/src/assets/images/search.svg"
      />
    </button>
  </form>
</header>
`;
